[2026-02-18T22:31:28.164Z] 
========================================
[2026-02-18T22:31:28.167Z]    LIVE PAPER TRADER - Starting (24/7 mode)
[2026-02-18T22:31:28.168Z] ========================================
[2026-02-18T22:31:28.169Z] Trading hours: 8:00 - 18:00 Europe/Zurich
[2026-02-18T22:31:28.223Z] Current Zurich time: 18/02/2026, 23:31:28
[2026-02-18T22:31:28.225Z] No global trades history found, starting fresh
[2026-02-18T22:31:28.231Z] Starting ngrok...
[2026-02-18T22:31:28.254Z] Waiting for ngrok to initialize...
[2026-02-18T22:31:28.256Z] Dashboard running at http://localhost:3000
[2026-02-18T22:31:33.266Z] Fetching ngrok tunnel URL from API...
[2026-02-18T22:31:33.282Z] Outside trading hours. Current hour: 23
[2026-02-18T22:31:33.295Z] ngrok API response: {"tunnels":[],"uri":"/api/tunnels"}

[2026-02-18T22:31:33.296Z] No tunnel URL found in response
[2026-02-18T22:34:54.592Z] 
========================================
[2026-02-18T22:34:54.594Z]    LIVE PAPER TRADER - Starting (24/7 mode)
[2026-02-18T22:34:54.595Z] ========================================
[2026-02-18T22:34:54.596Z] Trading hours: 8:00 - 18:00 Europe/Zurich
[2026-02-18T22:34:54.652Z] Current Zurich time: 18/02/2026, 23:34:54
[2026-02-18T22:34:54.654Z] Loaded 7 historical trades from global history
[2026-02-18T22:34:54.661Z] Starting ngrok...
[2026-02-18T22:34:54.691Z] Waiting for ngrok to initialize...
[2026-02-18T22:34:54.695Z] Dashboard running at http://localhost:3000
[2026-02-18T22:34:59.700Z] Fetching ngrok tunnel URL from API...
[2026-02-18T22:34:59.715Z] Outside trading hours. Current hour: 23
[2026-02-18T22:34:59.732Z] ngrok API response: {"tunnels":[{"name":"command_line","ID":"3799095165a653013b9cbf4db9737bc5","uri":"/api/tunnels/command_line","public_url":"https://patternable-unmasterfully-stuart.ngrok-free.dev","proto":"https","config":{"addr":"http://localhost:3000","inspect":true},"metrics":{"conns":{"count":0,"gauge":0,"rate1":0,"rate5":0,"rate15":0,"p50":0,"p90":0,"p95":0,"p99":0},"http":{"count":0,"rate1":0,"rate5":0,"rate15":0,"p50":0,"p90":0,"p95":0,"p99":0}}}],"uri":"/api/tunnels"}

[2026-02-18T22:34:59.733Z] ========================================
[2026-02-18T22:34:59.734Z] PUBLIC URL: https://patternable-unmasterfully-stuart.ngrok-free.dev
[2026-02-18T22:34:59.734Z] ========================================
[2026-02-18T22:34:59.735Z] Access dashboard from anywhere using the URL above
[2026-02-19T00:13:06.990Z] 
========================================
[2026-02-19T00:13:06.992Z]    LIVE PAPER TRADER - Starting (24/7 mode)
[2026-02-19T00:13:06.992Z] ========================================
[2026-02-19T00:13:06.992Z] Trading hours: 8:00 - 18:00 Europe/Zurich
[2026-02-19T00:13:07.022Z] Current Zurich time: 19/02/2026, 01:13:06
[2026-02-19T00:13:07.023Z] Loaded 7 historical trades from global history
[2026-02-19T00:13:07.027Z] Starting ngrok...
[2026-02-19T00:13:07.044Z] Waiting for ngrok to initialize...
[2026-02-19T00:13:07.046Z] Dashboard running at http://localhost:3000
[2026-02-19T00:13:12.056Z] Fetching ngrok tunnel URL from API...
[2026-02-19T00:13:12.064Z] Outside trading hours. Current hour: 1
[2026-02-19T00:13:12.074Z] ngrok API response: {"tunnels":[{"name":"command_line","ID":"876fb7a139fa353c031c01eae8bf1dde","uri":"/api/tunnels/command_line","public_url":"https://patternable-unmasterfully-stuart.ngrok-free.dev","proto":"https","config":{"addr":"http://localhost:3000","inspect":true},"metrics":{"conns":{"count":0,"gauge":0,"rate1":0,"rate5":0,"rate15":0,"p50":0,"p90":0,"p95":0,"p99":0},"http":{"count":0,"rate1":0,"rate5":0,"rate15":0,"p50":0,"p90":0,"p95":0,"p99":0}}}],"uri":"/api/tunnels"}

[2026-02-19T00:13:12.074Z] ========================================
[2026-02-19T00:13:12.074Z] PUBLIC URL: https://patternable-unmasterfully-stuart.ngrok-free.dev
[2026-02-19T00:13:12.075Z] ========================================
[2026-02-19T00:13:12.075Z] Access dashboard from anywhere using the URL above
[2026-02-19T07:00:15.538Z] Trading session starting!
[2026-02-19T07:00:15.541Z] Connecting to IBKR Gateway...
[2026-02-19T07:00:15.604Z] Connected to IBKR Gateway
[2026-02-19T07:00:17.620Z] Fetching 800 historical 5m bars...
[2026-02-19T07:00:20.655Z] Received 1246 historical bars
[2026-02-19T07:00:20.656Z] Loaded 1246 historical bars
[2026-02-19T07:00:20.657Z] Subscribing to real-time 5-second bars...
[2026-02-19T07:00:20.658Z] Trading session active. Press Ctrl+C to stop.

[2026-02-19T07:05:06.516Z] New bar: 20260219 07:00:00 | O:1.17963 H:1.17964 L:1.17945 C:1.17953
[2026-02-19T07:05:06.705Z] Calling AI agents for trade decision...
[2026-02-19T07:05:26.690Z] [TRADE] SIGNAL: SHORT | Entry: 1.1796 | SL: 1.1798 | TP: 1.1793 | Risk: 0.55
[2026-02-19T07:05:26.691Z] [TRADE] Reasoning: Dir: Consider shorting at the current price of 1.17953  | Conf: The setup has some positive aspects, such as the b...
[2026-02-19T07:05:26.692Z] [TRADE] ENTERED SHORT @ 1.1796 | SL: 1.1798 | TP: 1.1793
[2026-02-19T07:10:06.088Z] New bar: 20260219 07:05:00 | O:1.17953 H:1.17963 L:1.17939 C:1.17960
[2026-02-19T07:15:06.527Z] New bar: 20260219 07:10:00 | O:1.17960 H:1.17964 L:1.17929 C:1.17947
[2026-02-19T07:15:06.528Z] [TRADE] CLOSED SHORT | TP @ 1.1793 | R: 1.50 | Weighted: 0.83
[2026-02-19T07:15:06.529Z] [TRADE] Bars in trade: 2 | Max favorable: 0.00031 | Max adverse: 0.00004
[2026-02-19T07:15:09.991Z] [TRADE] Analysis: GOOD - The trade was successful as the market structure indicated a bearish trend (-1) during the London se...
[2026-02-19T07:15:09.992Z] Results saved (1 trades)
[2026-02-19T07:15:09.993Z] Global trades saved (8 total trades)
[2026-02-19T07:20:06.526Z] New bar: 20260219 07:15:00 | O:1.17947 H:1.17948 L:1.17934 C:1.17942
[2026-02-19T07:20:06.709Z] Calling AI agents for trade decision...
[2026-02-19T07:20:26.965Z] [TRADE] SIGNAL: SHORT | Entry: 1.17998 | SL: 1.18021 | TP: 1.1787 | Risk: 0.55
[2026-02-19T07:20:26.966Z] [TRADE] Reasoning: Dir: Consider shorting the market as it approaches the  | Conf: The setup shows some bearish indicators, such as t...
[2026-02-19T07:20:26.966Z] [TRADE] ENTERED SHORT @ 1.17998 | SL: 1.18021 | TP: 1.1787
[2026-02-19T07:25:05.919Z] New bar: 20260219 07:20:00 | O:1.17942 H:1.17955 L:1.17928 C:1.17939
[2026-02-19T07:30:05.861Z] New bar: 20260219 07:25:00 | O:1.17939 H:1.17955 L:1.17934 C:1.17949
[2026-02-19T07:35:06.517Z] New bar: 20260219 07:30:00 | O:1.17949 H:1.17985 L:1.17948 C:1.17985
[2026-02-19T07:40:06.122Z] New bar: 20260219 07:35:00 | O:1.17985 H:1.18005 L:1.17980 C:1.17999
[2026-02-19T07:45:06.547Z] New bar: 20260219 07:40:00 | O:1.17999 H:1.18020 L:1.17980 C:1.18007
[2026-02-19T07:50:06.395Z] New bar: 20260219 07:45:00 | O:1.18007 H:1.18014 L:1.17986 C:1.18005
[2026-02-19T07:55:05.926Z] New bar: 20260219 07:50:00 | O:1.18005 H:1.18026 L:1.18002 C:1.18017
[2026-02-19T07:55:05.926Z] [TRADE] CLOSED SHORT | SL @ 1.18021 | R: -1.00 | Weighted: -0.55
[2026-02-19T07:55:05.926Z] [TRADE] Bars in trade: 7 | Max favorable: 0.00070 | Max adverse: 0.00028
[2026-02-19T07:55:09.119Z] [TRADE] Analysis: BAD - The trade was a short position entered at 1.17998 with a stop loss set just above the entry at 1.180...
[2026-02-19T07:55:09.120Z] Results saved (2 trades)
[2026-02-19T07:55:09.121Z] Global trades saved (9 total trades)
[2026-02-19T08:00:05.992Z] New bar: 20260219 07:55:00 | O:1.18017 H:1.18036 L:1.18005 C:1.18007
[2026-02-19T08:00:06.190Z] Calling AI agents for trade decision...
[2026-02-19T08:00:28.793Z] [TRADE] SIGNAL: SHORT | Entry: 1.18016 | SL: 1.18043 | TP: 1.17955 | Risk: 0.55
[2026-02-19T08:00:28.793Z] [TRADE] Reasoning: Dir: Consider shorting near the resistance level at 1.1 | Conf: The setup shows a bearish bias with the price belo...
[2026-02-19T08:00:28.794Z] [TRADE] ENTERED SHORT @ 1.18016 | SL: 1.18043 | TP: 1.17955
[2026-02-19T08:05:06.221Z] New bar: 20260219 08:00:00 | O:1.18007 H:1.18031 L:1.17982 C:1.18026
[2026-02-19T08:10:06.028Z] New bar: 20260219 08:05:00 | O:1.18026 H:1.18031 L:1.18004 C:1.18004
[2026-02-19T08:15:06.308Z] New bar: 20260219 08:10:00 | O:1.18004 H:1.18004 L:1.17978 C:1.17983
[2026-02-19T08:20:06.109Z] New bar: 20260219 08:15:00 | O:1.17983 H:1.18040 L:1.17983 C:1.18039
[2026-02-19T08:25:06.654Z] New bar: 20260219 08:20:00 | O:1.18039 H:1.18044 L:1.18000 C:1.18003
[2026-02-19T08:25:06.655Z] [TRADE] CLOSED SHORT | SL @ 1.18043 | R: -1.00 | Weighted: -0.55
[2026-02-19T08:25:06.655Z] [TRADE] Bars in trade: 5 | Max favorable: 0.00039 | Max adverse: 0.00028
[2026-02-19T08:25:08.872Z] [TRADE] Analysis: BAD - The trade was a short position with a tight stop loss that was triggered due to a slight upward move...
[2026-02-19T08:25:08.874Z] Results saved (3 trades)
[2026-02-19T08:25:08.875Z] Global trades saved (10 total trades)
[2026-02-19T08:30:05.915Z] New bar: 20260219 08:25:00 | O:1.18003 H:1.18015 L:1.17974 C:1.17981
[2026-02-19T08:30:06.081Z] Calling AI agents for trade decision...
[2026-02-19T08:30:24.653Z] [TRADE] SIGNAL: SHORT | Entry: 1.18025 | SL: 1.18075 | TP: 1.17871 | Risk: 0.55
[2026-02-19T08:30:24.654Z] [TRADE] Reasoning: Dir: Consider shorting near the resistance level at 1.1 | Conf: The setup shows some bearish indicators, such as t...
[2026-02-19T08:30:24.654Z] [TRADE] ENTERED SHORT @ 1.18025 | SL: 1.18075 | TP: 1.17871
[2026-02-19T08:35:06.584Z] New bar: 20260219 08:30:00 | O:1.17981 H:1.18025 L:1.17981 C:1.18024
[2026-02-19T08:40:06.508Z] New bar: 20260219 08:35:00 | O:1.18024 H:1.18039 L:1.18009 C:1.18014
[2026-02-19T08:45:06.591Z] New bar: 20260219 08:40:00 | O:1.18014 H:1.18039 L:1.18007 C:1.18038
[2026-02-19T08:50:06.127Z] New bar: 20260219 08:45:00 | O:1.18038 H:1.18052 L:1.18020 C:1.18023
[2026-02-19T08:55:06.602Z] New bar: 20260219 08:50:00 | O:1.18023 H:1.18035 L:1.17994 C:1.18006
[2026-02-19T09:00:05.891Z] New bar: 20260219 08:55:00 | O:1.18006 H:1.18013 L:1.17978 C:1.18013
[2026-02-19T09:05:05.913Z] New bar: 20260219 09:00:00 | O:1.18013 H:1.18045 L:1.18009 C:1.18032
[2026-02-19T09:10:06.611Z] New bar: 20260219 09:05:00 | O:1.18032 H:1.18077 L:1.18030 C:1.18065
[2026-02-19T09:10:06.611Z] [TRADE] CLOSED SHORT | SL @ 1.18075 | R: -1.00 | Weighted: -0.55
[2026-02-19T09:10:06.611Z] [TRADE] Bars in trade: 8 | Max favorable: 0.00047 | Max adverse: 0.00052
[2026-02-19T09:10:09.772Z] [TRADE] Analysis: BAD - The trade was a short position entered at 1.18025 with a stop loss set at 1.18075. The market condit...
[2026-02-19T09:10:09.773Z] Results saved (4 trades)
[2026-02-19T09:10:09.774Z] Global trades saved (11 total trades)
[2026-02-19T09:15:05.890Z] New bar: 20260219 09:10:00 | O:1.18065 H:1.18074 L:1.18053 C:1.18072
[2026-02-19T09:15:06.053Z] Calling AI agents for trade decision...
[2026-02-19T09:15:26.355Z] [TRADE] SIGNAL: SHORT | Entry: 1.18039 | SL: 1.18078 | TP: 1.17873 | Risk: 0.55
[2026-02-19T09:15:26.355Z] [TRADE] Reasoning: Dir: Consider shorting at resistance near 1.18039, targ | Conf: The proposed short trade has mixed signals. While ...
[2026-02-19T09:15:26.356Z] [TRADE] ENTERED SHORT @ 1.18039 | SL: 1.18078 | TP: 1.17873
[2026-02-19T09:20:06.311Z] New bar: 20260219 09:15:00 | O:1.18072 H:1.18072 L:1.18005 C:1.18007
[2026-02-19T09:25:06.243Z] New bar: 20260219 09:20:00 | O:1.18007 H:1.18027 L:1.18006 C:1.18022
[2026-02-19T09:30:06.624Z] New bar: 20260219 09:25:00 | O:1.18022 H:1.18024 L:1.18003 C:1.18013
[2026-02-19T09:35:06.408Z] New bar: 20260219 09:30:00 | O:1.18013 H:1.18042 L:1.18009 C:1.18034
[2026-02-19T09:40:06.311Z] New bar: 20260219 09:35:00 | O:1.18034 H:1.18034 L:1.17999 C:1.18003
[2026-02-19T09:45:06.593Z] New bar: 20260219 09:40:00 | O:1.18003 H:1.18013 L:1.17986 C:1.18013
[2026-02-19T09:50:06.323Z] New bar: 20260219 09:45:00 | O:1.18013 H:1.18024 L:1.18007 C:1.18013
[2026-02-19T09:55:06.644Z] New bar: 20260219 09:50:00 | O:1.18013 H:1.18043 L:1.18005 C:1.18033
[2026-02-19T10:00:06.325Z] New bar: 20260219 09:55:00 | O:1.18033 H:1.18033 L:1.17999 C:1.18000
[2026-02-19T10:05:05.960Z] New bar: 20260219 10:00:00 | O:1.18000 H:1.18024 L:1.17989 C:1.18001
[2026-02-19T10:10:06.038Z] New bar: 20260219 10:05:00 | O:1.18001 H:1.18032 L:1.17994 C:1.18002
[2026-02-19T10:15:06.660Z] New bar: 20260219 10:10:00 | O:1.18002 H:1.18007 L:1.17965 C:1.17966
[2026-02-19T10:20:06.093Z] New bar: 20260219 10:15:00 | O:1.17966 H:1.17972 L:1.17918 C:1.17919
[2026-02-19T10:25:06.523Z] New bar: 20260219 10:20:00 | O:1.17919 H:1.17939 L:1.17918 C:1.17929
[2026-02-19T10:30:06.675Z] New bar: 20260219 10:25:00 | O:1.17929 H:1.17931 L:1.17901 C:1.17902
[2026-02-19T10:35:06.137Z] New bar: 20260219 10:30:00 | O:1.17902 H:1.17912 L:1.17896 C:1.17911
[2026-02-19T10:40:06.571Z] New bar: 20260219 10:35:00 | O:1.17911 H:1.17950 L:1.17909 C:1.17930
[2026-02-19T10:45:06.687Z] New bar: 20260219 10:40:00 | O:1.17930 H:1.17941 L:1.17921 C:1.17921
[2026-02-19T10:50:06.690Z] New bar: 20260219 10:45:00 | O:1.17921 H:1.17932 L:1.17901 C:1.17901
[2026-02-19T10:55:06.138Z] New bar: 20260219 10:50:00 | O:1.17901 H:1.17915 L:1.17900 C:1.17909
[2026-02-19T11:00:06.603Z] New bar: 20260219 10:55:00 | O:1.17909 H:1.17909 L:1.17874 C:1.17891
[2026-02-19T11:05:06.678Z] New bar: 20260219 11:00:00 | O:1.17891 H:1.17902 L:1.17874 C:1.17882
[2026-02-19T11:10:06.707Z] New bar: 20260219 11:05:00 | O:1.17882 H:1.17897 L:1.17877 C:1.17896
[2026-02-19T11:15:05.964Z] New bar: 20260219 11:10:00 | O:1.17896 H:1.17904 L:1.17887 C:1.17887
[2026-02-19T11:20:06.071Z] New bar: 20260219 11:15:00 | O:1.17887 H:1.17894 L:1.17830 C:1.17830
[2026-02-19T11:20:06.072Z] [TRADE] CLOSED SHORT | TP @ 1.17873 | R: 4.26 | Weighted: 2.34
[2026-02-19T11:20:06.072Z] [TRADE] Bars in trade: 25 | Max favorable: 0.00209 | Max adverse: 0.00033
[2026-02-19T11:20:07.921Z] [TRADE] Analysis: GOOD - The trade was successful as the market moved in the anticipated direction, allowing the trader to hi...
[2026-02-19T11:20:07.922Z] Results saved (5 trades)
[2026-02-19T11:20:07.923Z] Global trades saved (12 total trades)
[2026-02-19T11:25:06.249Z] New bar: 20260219 11:20:00 | O:1.17830 H:1.17849 L:1.17829 C:1.17849
[2026-02-19T11:25:06.401Z] Calling AI agents for trade decision...
[2026-02-19T11:25:30.445Z] [TRADE] SIGNAL: SHORT | Entry: 1.18039 | SL: 1.18107 | TP: 1.17819 | Risk: 0.55
[2026-02-19T11:25:30.445Z] [TRADE] Reasoning: Dir: Consider shorting near the resistance level at 1.1 | Conf: The proposed short trade has some favorable aspect...
[2026-02-19T11:25:30.446Z] [TRADE] ENTERED SHORT @ 1.18039 | SL: 1.18107 | TP: 1.17819
[2026-02-19T11:30:06.102Z] New bar: 20260219 11:25:00 | O:1.17849 H:1.17849 L:1.17812 C:1.17816
[2026-02-19T11:30:06.103Z] [TRADE] CLOSED SHORT | TP @ 1.17819 | R: 3.24 | Weighted: 1.78
[2026-02-19T11:30:06.103Z] [TRADE] Bars in trade: 1 | Max favorable: 0.00227 | Max adverse: 0.00000
[2026-02-19T11:30:07.734Z] [TRADE] Analysis: GOOD - The trade was successful as the market moved in favor of the short position, reaching the take profi...
[2026-02-19T11:30:07.735Z] Results saved (6 trades)
[2026-02-19T11:30:07.736Z] Global trades saved (13 total trades)
[2026-02-19T11:35:06.725Z] New bar: 20260219 11:30:00 | O:1.17816 H:1.17823 L:1.17797 C:1.17809
[2026-02-19T11:35:06.863Z] Calling AI agents for trade decision...
[2026-02-19T11:35:27.764Z] [TRADE] SIGNAL: SHORT | Entry: 1.17839 | SL: 1.18077 | TP: 1.1778 | Risk: 0.55
[2026-02-19T11:35:27.765Z] [TRADE] Reasoning: Dir: Consider shorting near the resistance level at 1.1 | Conf: The setup shows a bearish bias with price below th...
[2026-02-19T11:35:27.765Z] [TRADE] ENTERED SHORT @ 1.17839 | SL: 1.18077 | TP: 1.1778
[2026-02-19T11:40:06.727Z] New bar: 20260219 11:35:00 | O:1.17809 H:1.17809 L:1.17772 C:1.17772
[2026-02-19T11:40:06.728Z] [TRADE] CLOSED SHORT | TP @ 1.1778 | R: 0.25 | Weighted: 0.14
[2026-02-19T11:40:06.728Z] [TRADE] Bars in trade: 1 | Max favorable: 0.00067 | Max adverse: 0.00000
[2026-02-19T11:40:08.340Z] [TRADE] Analysis: GOOD - The trade was successful as the market moved in the trader's favor quickly, reaching the take profit...
[2026-02-19T11:40:08.341Z] Results saved (7 trades)
[2026-02-19T11:40:08.342Z] Global trades saved (14 total trades)
[2026-02-19T11:45:06.497Z] New bar: 20260219 11:40:00 | O:1.17772 H:1.17788 L:1.17767 C:1.17779
[2026-02-19T11:45:06.638Z] Calling AI agents for trade decision...
[2026-02-19T11:45:27.285Z] [TRADE] SIGNAL: SHORT | Entry: 1.178 | SL: 1.1808 | TP: 1.1775 | Risk: 0.55
[2026-02-19T11:45:27.286Z] [TRADE] Reasoning: Dir: Consider shorting near resistance at 1.18039, targ | Conf: The setup has some bearish alignment due to the pr...
[2026-02-19T11:45:27.286Z] [TRADE] ENTERED SHORT @ 1.178 | SL: 1.1808 | TP: 1.1775
[2026-02-19T11:50:06.735Z] New bar: 20260219 11:45:00 | O:1.17779 H:1.17793 L:1.17772 C:1.17789
[2026-02-19T11:55:06.321Z] New bar: 20260219 11:50:00 | O:1.17789 H:1.17811 L:1.17785 C:1.17794
[2026-02-19T12:00:06.085Z] New bar: 20260219 11:55:00 | O:1.17794 H:1.17807 L:1.17790 C:1.17807
[2026-02-19T12:05:06.331Z] New bar: 20260219 12:00:00 | O:1.17807 H:1.17807 L:1.17768 C:1.17788
[2026-02-19T12:10:06.401Z] New bar: 20260219 12:05:00 | O:1.17788 H:1.17807 L:1.17776 C:1.17789
[2026-02-19T12:15:06.151Z] New bar: 20260219 12:10:00 | O:1.17789 H:1.17789 L:1.17755 C:1.17762
[2026-02-19T12:20:06.148Z] New bar: 20260219 12:15:00 | O:1.17762 H:1.17771 L:1.17720 C:1.17744
[2026-02-19T12:20:06.148Z] [TRADE] CLOSED SHORT | TP @ 1.1775 | R: 0.18 | Weighted: 0.10
[2026-02-19T12:20:06.149Z] [TRADE] Bars in trade: 7 | Max favorable: 0.00080 | Max adverse: 0.00011
[2026-02-19T12:20:07.784Z] [TRADE] Analysis: GOOD - The trade was successful as the market moved in the anticipated direction, allowing the price to rea...
[2026-02-19T12:20:07.785Z] Results saved (8 trades)
[2026-02-19T12:20:07.786Z] Global trades saved (15 total trades)
[2026-02-19T12:25:06.561Z] New bar: 20260219 12:20:00 | O:1.17744 H:1.17763 L:1.17723 C:1.17754
[2026-02-19T12:25:06.701Z] Calling AI agents for trade decision...
[2026-02-19T12:25:25.750Z] [TRADE] SIGNAL: SHORT | Entry: 1.1784 | SL: 1.1808 | TP: 1.17721 | Risk: 0.55
[2026-02-19T12:25:25.750Z] [TRADE] Reasoning: Dir: Consider shorting near the resistance level at 1.1 | Conf: The setup shows a bearish bias with the price trad...
[2026-02-19T12:25:25.751Z] [TRADE] ENTERED SHORT @ 1.1784 | SL: 1.1808 | TP: 1.17721
[2026-02-19T12:30:06.766Z] New bar: 20260219 12:25:00 | O:1.17754 H:1.17758 L:1.17733 C:1.17748
[2026-02-19T12:35:06.771Z] New bar: 20260219 12:30:00 | O:1.17748 H:1.17799 L:1.17738 C:1.17792
[2026-02-19T12:40:06.776Z] New bar: 20260219 12:35:00 | O:1.17792 H:1.17792 L:1.17713 C:1.17719
[2026-02-19T12:40:06.777Z] [TRADE] CLOSED SHORT | TP @ 1.17721 | R: 0.50 | Weighted: 0.27
[2026-02-19T12:40:06.777Z] [TRADE] Bars in trade: 3 | Max favorable: 0.00127 | Max adverse: 0.00000
[2026-02-19T12:40:08.797Z] [TRADE] Analysis: GOOD - The trade was successful as the market moved in favor of the short position, reaching the take profi...
[2026-02-19T12:40:08.798Z] Results saved (9 trades)
[2026-02-19T12:40:08.799Z] Global trades saved (16 total trades)
[2026-02-19T12:45:06.778Z] New bar: 20260219 12:40:00 | O:1.17719 H:1.17744 L:1.17719 C:1.17741
[2026-02-19T12:45:06.919Z] Calling AI agents for trade decision...
[2026-02-19T12:45:26.790Z] [TRADE] SIGNAL: SHORT | Entry: 1.178 | SL: 1.18077 | TP: 1.1765 | Risk: 0.55
[2026-02-19T12:45:26.790Z] [TRADE] Reasoning: Dir: Consider shorting towards the support level at 1.1 | Conf: The setup has a bearish bias supported by the pric...
[2026-02-19T12:45:26.791Z] [TRADE] ENTERED SHORT @ 1.178 | SL: 1.18077 | TP: 1.1765
[2026-02-19T12:50:06.091Z] New bar: 20260219 12:45:00 | O:1.17741 H:1.17741 L:1.17700 C:1.17700
[2026-02-19T12:55:06.324Z] New bar: 20260219 12:50:00 | O:1.17700 H:1.17700 L:1.17676 C:1.17679
[2026-02-19T13:00:06.123Z] New bar: 20260219 12:55:00 | O:1.17679 H:1.17701 L:1.17670 C:1.17695
[2026-02-19T13:05:06.795Z] New bar: 20260219 13:00:00 | O:1.17695 H:1.17701 L:1.17613 C:1.17613
[2026-02-19T13:05:06.795Z] [TRADE] CLOSED SHORT | TP @ 1.1765 | R: 0.54 | Weighted: 0.30
[2026-02-19T13:05:06.796Z] [TRADE] Bars in trade: 4 | Max favorable: 0.00187 | Max adverse: 0.00000
[2026-02-19T13:05:08.974Z] [TRADE] Analysis: GOOD - The trade was successful as the market moved in the anticipated direction, hitting the take profit l...
[2026-02-19T13:05:08.975Z] Results saved (10 trades)
[2026-02-19T13:05:08.976Z] Global trades saved (17 total trades)
[2026-02-19T13:10:06.388Z] New bar: 20260219 13:05:00 | O:1.17613 H:1.17619 L:1.17526 C:1.17534
[2026-02-19T13:10:06.531Z] Calling AI agents for trade decision...
[2026-02-19T13:10:25.396Z] [TRADE] SIGNAL: SHORT | Entry: 1.177 | SL: 1.18077 | TP: 1.175 | Risk: 0.55
[2026-02-19T13:10:25.397Z] [TRADE] Reasoning: Dir: Consider shorting the market with a target at the  | Conf: The setup shows a bearish bias with the price belo...
[2026-02-19T13:10:25.397Z] [TRADE] ENTERED SHORT @ 1.177 | SL: 1.18077 | TP: 1.175
[2026-02-19T13:15:06.325Z] New bar: 20260219 13:10:00 | O:1.17534 H:1.17593 L:1.17522 C:1.17589
[2026-02-19T13:20:06.318Z] New bar: 20260219 13:15:00 | O:1.17589 H:1.17590 L:1.17555 C:1.17576
[2026-02-19T13:25:06.059Z] New bar: 20260219 13:20:00 | O:1.17576 H:1.17607 L:1.17565 C:1.17606
[2026-02-19T13:30:06.078Z] New bar: 20260219 13:25:00 | O:1.17606 H:1.17647 L:1.17596 C:1.17605
[2026-02-19T13:35:06.106Z] New bar: 20260219 13:30:00 | O:1.17605 H:1.17623 L:1.17544 C:1.17606
[2026-02-19T13:40:06.292Z] New bar: 20260219 13:35:00 | O:1.17606 H:1.17623 L:1.17585 C:1.17618
[2026-02-19T13:45:06.427Z] New bar: 20260219 13:40:00 | O:1.17618 H:1.17628 L:1.17553 C:1.17568
[2026-02-19T13:50:06.829Z] New bar: 20260219 13:45:00 | O:1.17568 H:1.17579 L:1.17515 C:1.17574
[2026-02-19T13:55:06.324Z] New bar: 20260219 13:50:00 | O:1.17574 H:1.17621 L:1.17574 C:1.17616
[2026-02-19T14:00:06.264Z] New bar: 20260219 13:55:00 | O:1.17616 H:1.17657 L:1.17599 C:1.17655
[2026-02-19T14:05:06.095Z] New bar: 20260219 14:00:00 | O:1.17655 H:1.17664 L:1.17549 C:1.17549
[2026-02-19T14:10:06.200Z] New bar: 20260219 14:05:00 | O:1.17549 H:1.17569 L:1.17535 C:1.17545
[2026-02-19T14:15:06.184Z] New bar: 20260219 14:10:00 | O:1.17545 H:1.17572 L:1.17478 C:1.17488
[2026-02-19T14:15:06.185Z] [TRADE] CLOSED SHORT | TP @ 1.175 | R: 0.53 | Weighted: 0.29
[2026-02-19T14:15:06.185Z] [TRADE] Bars in trade: 13 | Max favorable: 0.00222 | Max adverse: 0.00000
[2026-02-19T14:15:08.951Z] [TRADE] Analysis: GOOD - The trade was successful as the market moved in the anticipated direction, allowing the price to rea...
[2026-02-19T14:15:08.952Z] Results saved (11 trades)
[2026-02-19T14:15:08.953Z] Global trades saved (18 total trades)
[2026-02-19T14:20:06.183Z] New bar: 20260219 14:15:00 | O:1.17488 H:1.17525 L:1.17474 C:1.17493
[2026-02-19T14:20:06.321Z] Calling AI agents for trade decision...
[2026-02-19T14:20:23.499Z] [TRADE] SIGNAL: SHORT | Entry: 1.175 | SL: 1.18045 | TP: 1.17372 | Risk: 0.55
[2026-02-19T14:20:23.499Z] [TRADE] Reasoning: Dir: Consider shorting at current levels (1.17493) with | Conf: The trade setup shows a bearish bias with the pric...
[2026-02-19T14:20:23.500Z] [TRADE] ENTERED SHORT @ 1.175 | SL: 1.18045 | TP: 1.17372
[2026-02-19T14:25:06.161Z] New bar: 20260219 14:20:00 | O:1.17493 H:1.17494 L:1.17426 C:1.17433
[2026-02-19T14:30:06.283Z] New bar: 20260219 14:25:00 | O:1.17433 H:1.17491 L:1.17421 C:1.17487
[2026-02-19T14:35:06.183Z] New bar: 20260219 14:30:00 | O:1.17487 H:1.17517 L:1.17454 C:1.17491
[2026-02-19T14:40:06.215Z] New bar: 20260219 14:35:00 | O:1.17491 H:1.17512 L:1.17447 C:1.17487
[2026-02-19T14:45:06.145Z] New bar: 20260219 14:40:00 | O:1.17487 H:1.17534 L:1.17461 C:1.17518
[2026-02-19T14:50:06.248Z] New bar: 20260219 14:45:00 | O:1.17518 H:1.17534 L:1.17451 C:1.17483
[2026-02-19T14:55:06.395Z] New bar: 20260219 14:50:00 | O:1.17483 H:1.17506 L:1.17461 C:1.17487
[2026-02-19T15:00:06.144Z] New bar: 20260219 14:55:00 | O:1.17487 H:1.17528 L:1.17464 C:1.17518
[2026-02-19T15:05:06.565Z] New bar: 20260219 15:00:00 | O:1.17518 H:1.17675 L:1.17483 C:1.17614
[2026-02-19T15:10:06.456Z] New bar: 20260219 15:05:00 | O:1.17614 H:1.17728 L:1.17589 C:1.17692
[2026-02-19T15:15:06.676Z] New bar: 20260219 15:10:00 | O:1.17692 H:1.17692 L:1.17607 C:1.17622
[2026-02-19T15:20:06.332Z] New bar: 20260219 15:15:00 | O:1.17622 H:1.17719 L:1.17616 C:1.17694
[2026-02-19T15:25:06.175Z] New bar: 20260219 15:20:00 | O:1.17694 H:1.17715 L:1.17643 C:1.17643
[2026-02-19T15:30:06.372Z] New bar: 20260219 15:25:00 | O:1.17643 H:1.17677 L:1.17630 C:1.17651
[2026-02-19T15:35:06.163Z] New bar: 20260219 15:30:00 | O:1.17651 H:1.17682 L:1.17632 C:1.17678
[2026-02-19T15:40:06.352Z] New bar: 20260219 15:35:00 | O:1.17678 H:1.17683 L:1.17648 C:1.17664
[2026-02-19T15:45:06.692Z] New bar: 20260219 15:40:00 | O:1.17664 H:1.17674 L:1.17637 C:1.17643
[2026-02-19T15:50:06.726Z] New bar: 20260219 15:45:00 | O:1.17643 H:1.17755 L:1.17643 C:1.17723
[2026-02-19T15:55:06.200Z] New bar: 20260219 15:50:00 | O:1.17723 H:1.17729 L:1.17643 C:1.17645
[2026-02-19T16:00:06.207Z] New bar: 20260219 15:55:00 | O:1.17645 H:1.17674 L:1.17606 C:1.17630
[2026-02-19T16:05:06.530Z] New bar: 20260219 16:00:00 | O:1.17630 H:1.17692 L:1.17623 C:1.17664
[2026-02-19T16:10:06.362Z] New bar: 20260219 16:05:00 | O:1.17664 H:1.17669 L:1.17582 C:1.17626
[2026-02-19T16:15:06.448Z] New bar: 20260219 16:10:00 | O:1.17626 H:1.17653 L:1.17612 C:1.17640
[2026-02-19T16:20:06.240Z] New bar: 20260219 16:15:00 | O:1.17640 H:1.17677 L:1.17627 C:1.17638
[2026-02-19T16:25:06.486Z] New bar: 20260219 16:20:00 | O:1.17638 H:1.17670 L:1.17627 C:1.17667
[2026-02-19T16:30:06.249Z] New bar: 20260219 16:25:00 | O:1.17667 H:1.17683 L:1.17623 C:1.17640
[2026-02-19T16:35:06.220Z] New bar: 20260219 16:30:00 | O:1.17640 H:1.17693 L:1.17640 C:1.17679
[2026-02-19T16:40:06.971Z] New bar: 20260219 16:35:00 | O:1.17679 H:1.17708 L:1.17661 C:1.17672
[2026-02-19T16:45:06.969Z] New bar: 20260219 16:40:00 | O:1.17672 H:1.17695 L:1.17670 C:1.17674
[2026-02-19T16:50:06.483Z] New bar: 20260219 16:45:00 | O:1.17674 H:1.17675 L:1.17643 C:1.17657
[2026-02-19T16:55:06.738Z] New bar: 20260219 16:50:00 | O:1.17657 H:1.17665 L:1.17601 C:1.17627
[2026-02-19T17:00:01.942Z] Session end time reached (18:00) - No new trades will be opened
[2026-02-19T17:00:01.942Z] Open position detected: SHORT @ 1.175
[2026-02-19T17:00:01.943Z] Waiting for trade to finish (TP/SL)...
[2026-02-19T17:00:06.284Z] New bar: 20260219 16:55:00 | O:1.17627 H:1.17630 L:1.17592 C:1.17613
[2026-02-19T17:05:06.268Z] New bar: 20260219 17:00:00 | O:1.17613 H:1.17618 L:1.17561 C:1.17566
[2026-02-19T17:10:06.370Z] New bar: 20260219 17:05:00 | O:1.17566 H:1.17619 L:1.17566 C:1.17605
[2026-02-19T17:15:06.479Z] New bar: 20260219 17:10:00 | O:1.17605 H:1.17614 L:1.17583 C:1.17599
[2026-02-19T17:20:07.005Z] New bar: 20260219 17:15:00 | O:1.17599 H:1.17619 L:1.17595 C:1.17619
[2026-02-19T17:25:06.548Z] New bar: 20260219 17:20:00 | O:1.17619 H:1.17659 L:1.17619 C:1.17643
[2026-02-19T17:30:06.411Z] New bar: 20260219 17:25:00 | O:1.17643 H:1.17661 L:1.17629 C:1.17654
[2026-02-19T17:35:07.009Z] New bar: 20260219 17:30:00 | O:1.17654 H:1.17660 L:1.17613 C:1.17640
[2026-02-19T17:40:07.012Z] New bar: 20260219 17:35:00 | O:1.17640 H:1.17666 L:1.17637 C:1.17664
[2026-02-19T17:45:06.465Z] New bar: 20260219 17:40:00 | O:1.17664 H:1.17670 L:1.17651 C:1.17666
[2026-02-19T17:50:06.419Z] New bar: 20260219 17:45:00 | O:1.17666 H:1.17675 L:1.17661 C:1.17670
[2026-02-19T17:55:07.023Z] New bar: 20260219 17:50:00 | O:1.17670 H:1.17677 L:1.17648 C:1.17654
[2026-02-19T18:00:07.033Z] New bar: 20260219 17:55:00 | O:1.17654 H:1.17680 L:1.17652 C:1.17659
[2026-02-19T18:05:06.438Z] New bar: 20260219 18:00:00 | O:1.17659 H:1.17666 L:1.17648 C:1.17658
[2026-02-19T18:10:07.036Z] New bar: 20260219 18:05:00 | O:1.17658 H:1.17680 L:1.17658 C:1.17677
[2026-02-19T18:15:07.047Z] New bar: 20260219 18:10:00 | O:1.17677 H:1.17708 L:1.17675 C:1.17704
[2026-02-19T18:20:07.040Z] New bar: 20260219 18:15:00 | O:1.17704 H:1.17714 L:1.17684 C:1.17701
[2026-02-19T18:25:07.051Z] New bar: 20260219 18:20:00 | O:1.17701 H:1.17709 L:1.17681 C:1.17708
[2026-02-19T18:30:07.142Z] New bar: 20260219 18:25:00 | O:1.17708 H:1.17718 L:1.17700 C:1.17701
[2026-02-19T18:35:06.558Z] New bar: 20260219 18:30:00 | O:1.17701 H:1.17718 L:1.17693 C:1.17710
[2026-02-19T18:40:06.938Z] New bar: 20260219 18:35:00 | O:1.17710 H:1.17718 L:1.17698 C:1.17708
[2026-02-19T18:45:06.817Z] New bar: 20260219 18:40:00 | O:1.17708 H:1.17738 L:1.17708 C:1.17727
[2026-02-19T18:50:06.361Z] New bar: 20260219 18:45:00 | O:1.17727 H:1.17740 L:1.17720 C:1.17738
[2026-02-19T18:55:07.074Z] New bar: 20260219 18:50:00 | O:1.17738 H:1.17742 L:1.17728 C:1.17733
[2026-02-19T19:00:06.582Z] New bar: 20260219 18:55:00 | O:1.17733 H:1.17734 L:1.17678 C:1.17684
[2026-02-19T19:05:06.485Z] New bar: 20260219 19:00:00 | O:1.17684 H:1.17713 L:1.17680 C:1.17697
[2026-02-19T19:10:07.083Z] New bar: 20260219 19:05:00 | O:1.17697 H:1.17709 L:1.17685 C:1.17708
[2026-02-19T19:15:07.090Z] New bar: 20260219 19:10:00 | O:1.17708 H:1.17718 L:1.17684 C:1.17688
[2026-02-19T19:20:06.564Z] New bar: 20260219 19:15:00 | O:1.17688 H:1.17712 L:1.17658 C:1.17698
[2026-02-19T19:25:07.096Z] New bar: 20260219 19:20:00 | O:1.17698 H:1.17702 L:1.17674 C:1.17679
[2026-02-19T19:30:07.098Z] New bar: 20260219 19:25:00 | O:1.17679 H:1.17684 L:1.17663 C:1.17684
[2026-02-19T19:35:06.575Z] New bar: 20260219 19:30:00 | O:1.17684 H:1.17694 L:1.17675 C:1.17683
[2026-02-19T19:40:06.442Z] New bar: 20260219 19:35:00 | O:1.17683 H:1.17684 L:1.17599 C:1.17602
[2026-02-19T19:45:07.116Z] New bar: 20260219 19:40:00 | O:1.17602 H:1.17646 L:1.17590 C:1.17640
[2026-02-19T19:50:06.406Z] New bar: 20260219 19:45:00 | O:1.17640 H:1.17643 L:1.17622 C:1.17633
[2026-02-19T19:55:07.120Z] New bar: 20260219 19:50:00 | O:1.17633 H:1.17660 L:1.17632 C:1.17637
[2026-02-19T20:00:07.121Z] New bar: 20260219 19:55:00 | O:1.17637 H:1.17649 L:1.17622 C:1.17639
[2026-02-19T20:05:06.996Z] New bar: 20260219 20:00:00 | O:1.17639 H:1.17680 L:1.17633 C:1.17666
[2026-02-19T20:10:06.711Z] New bar: 20260219 20:05:00 | O:1.17666 H:1.17680 L:1.17666 C:1.17679
[2026-02-19T20:15:07.011Z] New bar: 20260219 20:10:00 | O:1.17679 H:1.17683 L:1.17662 C:1.17664
[2026-02-19T20:20:07.286Z] New bar: 20260219 20:15:00 | O:1.17664 H:1.17664 L:1.17643 C:1.17657
[2026-02-19T20:25:07.139Z] New bar: 20260219 20:20:00 | O:1.17657 H:1.17674 L:1.17639 C:1.17660
[2026-02-19T20:30:06.617Z] New bar: 20260219 20:25:00 | O:1.17660 H:1.17664 L:1.17649 C:1.17663
[2026-02-19T20:35:07.243Z] New bar: 20260219 20:30:00 | O:1.17663 H:1.17665 L:1.17651 C:1.17653
[2026-02-19T20:40:07.079Z] New bar: 20260219 20:35:00 | O:1.17653 H:1.17659 L:1.17636 C:1.17654
[2026-02-19T20:45:06.769Z] New bar: 20260219 20:40:00 | O:1.17654 H:1.17666 L:1.17648 C:1.17661
[2026-02-19T20:50:06.534Z] New bar: 20260219 20:45:00 | O:1.17661 H:1.17680 L:1.17658 C:1.17678
[2026-02-19T20:55:07.160Z] New bar: 20260219 20:50:00 | O:1.17678 H:1.17687 L:1.17669 C:1.17686
[2026-02-19T21:00:06.699Z] New bar: 20260219 20:55:00 | O:1.17686 H:1.17689 L:1.17669 C:1.17688
[2026-02-19T21:05:06.769Z] New bar: 20260219 21:00:00 | O:1.17688 H:1.17701 L:1.17680 C:1.17698
[2026-02-19T21:10:07.177Z] New bar: 20260219 21:05:00 | O:1.17698 H:1.17704 L:1.17693 C:1.17694
[2026-02-19T21:15:07.069Z] New bar: 20260219 21:10:00 | O:1.17694 H:1.17710 L:1.17694 C:1.17709
[2026-02-19T21:20:07.182Z] New bar: 20260219 21:15:00 | O:1.17709 H:1.17729 L:1.17708 C:1.17727
[2026-02-19T21:25:06.652Z] New bar: 20260219 21:20:00 | O:1.17727 H:1.17742 L:1.17718 C:1.17738
[2026-02-19T21:30:07.226Z] New bar: 20260219 21:25:00 | O:1.17738 H:1.17739 L:1.17715 C:1.17727
[2026-02-19T21:35:06.872Z] New bar: 20260219 21:30:00 | O:1.17727 H:1.17776 L:1.17727 C:1.17764
[2026-02-19T21:40:06.828Z] New bar: 20260219 21:35:00 | O:1.17764 H:1.17772 L:1.17762 C:1.17765
[2026-02-19T21:45:06.767Z] New bar: 20260219 21:40:00 | O:1.17765 H:1.17772 L:1.17751 C:1.17769
[2026-02-19T21:50:07.205Z] New bar: 20260219 21:45:00 | O:1.17769 H:1.17782 L:1.17769 C:1.17775
[2026-02-19T21:55:07.164Z] New bar: 20260219 21:50:00 | O:1.17775 H:1.17783 L:1.17753 C:1.17755
[2026-02-19T22:15:07.338Z] New bar: 20260219 21:55:00 | O:1.17755 H:1.17755 L:1.17705 C:1.17735
[2026-02-19T22:20:07.226Z] New bar: 20260219 22:15:00 | O:1.17705 H:1.17725 L:1.17705 C:1.17724
[2026-02-19T22:25:07.229Z] New bar: 20260219 22:20:00 | O:1.17724 H:1.17726 L:1.17724 C:1.17725
[2026-02-19T22:30:07.235Z] New bar: 20260219 22:25:00 | O:1.17725 H:1.17726 L:1.17720 C:1.17720
[2026-02-19T22:35:07.237Z] New bar: 20260219 22:30:00 | O:1.17720 H:1.17732 L:1.17720 C:1.17732
[2026-02-19T22:40:07.241Z] New bar: 20260219 22:35:00 | O:1.17732 H:1.17732 L:1.17729 C:1.17729
[2026-02-19T22:45:07.248Z] New bar: 20260219 22:40:00 | O:1.17729 H:1.17739 L:1.17729 C:1.17735
[2026-02-19T22:50:07.251Z] New bar: 20260219 22:45:00 | O:1.17735 H:1.17735 L:1.17721 C:1.17722
[2026-02-19T22:55:00.707Z] Disconnected from IBKR
[2026-02-20T00:17:24.371Z] 
========================================
[2026-02-20T00:17:24.375Z]    LIVE PAPER TRADER - Multi-Pair Mode
[2026-02-20T00:17:24.376Z] ========================================
[2026-02-20T00:17:24.377Z] Active pairs: EURUSD, USDJPY
[2026-02-20T00:17:24.377Z] Trading hours: 8:00 - 18:00 Europe/Zurich
[2026-02-20T00:17:24.432Z] Current Zurich time: 20/02/2026, 01:17:24
[2026-02-20T00:17:24.453Z] Loaded 18 historical trades from global history
[2026-02-20T00:17:24.459Z] Starting ngrok...
[2026-02-20T00:17:24.483Z] Waiting for ngrok to initialize...
[2026-02-20T00:17:24.485Z] Dashboard running at http://localhost:3000
[2026-02-20T00:17:29.495Z] Fetching ngrok tunnel URL from API...
[2026-02-20T00:17:29.504Z] Outside trading hours. Current hour: 1
[2026-02-20T00:17:29.516Z] ========================================
[2026-02-20T00:17:29.517Z] PUBLIC URL: https://patternable-unmasterfully-stuart.ngrok-free.dev
[2026-02-20T00:17:29.518Z] ========================================
[2026-02-20T00:35:12.800Z] 
========================================
[2026-02-20T00:35:12.801Z]    LIVE PAPER TRADER - Multi-Pair Mode
[2026-02-20T00:35:12.802Z] ========================================
[2026-02-20T00:35:12.802Z] Active pairs: EURUSD, USDJPY
[2026-02-20T00:35:12.803Z] Trading hours: 8:00 - 18:00 Europe/Zurich
[2026-02-20T00:35:12.831Z] Current Zurich time: 20/02/2026, 01:35:12
[2026-02-20T00:35:12.832Z] Loaded 18 historical trades from global history
[2026-02-20T00:35:12.836Z] Starting ngrok...
[2026-02-20T00:35:12.852Z] Waiting for ngrok to initialize...
[2026-02-20T00:35:12.854Z] Dashboard running at http://localhost:3000
[2026-02-20T00:35:17.868Z] Fetching ngrok tunnel URL from API...
[2026-02-20T00:35:17.881Z] Outside trading hours. Current hour: 1
[2026-02-20T00:35:17.897Z] ========================================
[2026-02-20T00:35:17.898Z] PUBLIC URL: https://patternable-unmasterfully-stuart.ngrok-free.dev
[2026-02-20T00:35:17.898Z] ========================================
